// Jest Snapshot v1, https://goo.gl/fbAQLP

exports[`Probar la clase de Citas Actualizar cita 1`] = `
Citas {
  "citas": Array [
    Object {
      "fecha": "10-12-2020",
      "hora": "10:30",
      "id": 1656547705358,
      "mascota": "Hook",
      "propietario": "Juan",
      "sintomas": "Solo duerme",
      "telefono": "12332123654",
    },
  ],
}
`;

exports[`Probar la clase de Citas Agregar una nueva cita 1`] = `
Citas {
  "citas": Array [
    Object {
      "fecha": "10-12-2020",
      "hora": "10:30",
      "id": 1656547705358,
      "mascota": "Hook",
      "propietario": "Juan",
      "sintomas": "Solo duerme",
      "telefono": "12332123654",
    },
  ],
}
`;
