// Jest Snapshot v1, https://goo.gl/fbAQLP

exports[`Testing al cliente Es juan pablo 1`] = `
Object {
  "balance": 500,
  "nombre": "Juan Pabla",
  "tipo": "Premium",
}
`;
